$ ./lab12 amdahl 400000 0.90
modo,N,p,param,t_seq,t_par,t_parte_seq
amdahl,400000,1,fp=0.90,0.501464,0.501529,0.052380
amdahl,400000,2,fp=0.90,0.501464,0.278400,0.051821
amdahl,400000,3,fp=0.90,0.501464,0.210961,0.053035
amdahl,400000,4,fp=0.90,0.501464,0.182926,0.054056
amdahl,400000,5,fp=0.90,0.501464,0.158594,0.055104
amdahl,400000,6,fp=0.90,0.501464,0.144421,0.053586
amdahl,400000,7,fp=0.90,0.501464,0.129736,0.053649
amdahl,400000,8,fp=0.90,0.501464,0.121345,0.053540
amdahl,400000,9,fp=0.90,0.501464,0.120945,0.054462
amdahl,400000,10,fp=0.90,0.501464,0.115756,0.055101
amdahl,400000,11,fp=0.90,0.501464,0.108365,0.054324
amdahl,400000,12,fp=0.90,0.501464,0.103373,0.053742
amdahl,400000,13,fp=0.90,0.501464,0.101189,0.054824
amdahl,400000,14,fp=0.90,0.501464,0.099516,0.056068
amdahl,400000,15,fp=0.90,0.501464,0.097712,0.057482
amdahl,400000,16,fp=0.90,0.501464,0.094918,0.057229
amdahl,400000,17,fp=0.90,0.501464,0.092923,0.057528
amdahl,400000,18,fp=0.90,0.501464,0.091219,0.057659
amdahl,400000,19,fp=0.90,0.501464,0.089031,0.057486
amdahl,400000,20,fp=0.90,0.501464,0.082807,0.053210
amdahl,400000,21,fp=0.90,0.501464,0.083449,0.055462
amdahl,400000,22,fp=0.90,0.501464,0.080575,0.053171
amdahl,400000,23,fp=0.90,0.501464,0.080718,0.054544
amdahl,400000,24,fp=0.90,0.501464,0.083469,0.057065
amdahl,400000,25,fp=0.90,0.501464,0.087110,0.054569
amdahl,400000,26,fp=0.90,0.501464,0.088112,0.055317
amdahl,400000,27,fp=0.90,0.501464,0.084953,0.054583
amdahl,400000,28,fp=0.90,0.501464,0.086231,0.056030
amdahl,400000,29,fp=0.90,0.501464,0.083346,0.053107
amdahl,400000,30,fp=0.90,0.501464,0.082635,0.054645
amdahl,400000,31,fp=0.90,0.501464,0.082225,0.054679
(checksum 1.069e+13)
amdahl,400000,32,fp=0.90,0.501464,0.084802,0.055488
(amdahl_fp90.csv: 22 s)
