$ ./lab12 amdahl 400000 0.95
modo,N,p,param,t_seq,t_par,t_parte_seq
amdahl,400000,1,fp=0.95,0.504368,0.499791,0.026268
amdahl,400000,2,fp=0.95,0.504368,0.265121,0.026239
amdahl,400000,3,fp=0.95,0.504368,0.193027,0.025974
amdahl,400000,4,fp=0.95,0.504368,0.152573,0.027018
amdahl,400000,5,fp=0.95,0.504368,0.141951,0.028570
amdahl,400000,6,fp=0.95,0.504368,0.122352,0.028028
amdahl,400000,7,fp=0.95,0.504368,0.108683,0.027643
amdahl,400000,8,fp=0.95,0.504368,0.101570,0.027306
amdahl,400000,9,fp=0.95,0.504368,0.097978,0.027259
amdahl,400000,10,fp=0.95,0.504368,0.090724,0.028107
amdahl,400000,11,fp=0.95,0.504368,0.084873,0.027830
amdahl,400000,12,fp=0.95,0.504368,0.082197,0.028376
amdahl,400000,13,fp=0.95,0.504368,0.076574,0.027828
amdahl,400000,14,fp=0.95,0.504368,0.073449,0.028311
amdahl,400000,15,fp=0.95,0.504368,0.070542,0.028457
amdahl,400000,16,fp=0.95,0.504368,0.068093,0.028052
amdahl,400000,17,fp=0.95,0.504368,0.067255,0.028160
amdahl,400000,18,fp=0.95,0.504368,0.066364,0.030694
amdahl,400000,19,fp=0.95,0.504368,0.063756,0.030805
amdahl,400000,20,fp=0.95,0.504368,0.059942,0.028732
amdahl,400000,21,fp=0.95,0.504368,0.058877,0.028063
amdahl,400000,22,fp=0.95,0.504368,0.057328,0.029102
amdahl,400000,23,fp=0.95,0.504368,0.053714,0.026193
amdahl,400000,24,fp=0.95,0.504368,0.056838,0.028508
amdahl,400000,25,fp=0.95,0.504368,0.066189,0.029192
amdahl,400000,26,fp=0.95,0.504368,0.062485,0.028663
amdahl,400000,27,fp=0.95,0.504368,0.063968,0.030414
amdahl,400000,28,fp=0.95,0.504368,0.062368,0.029779
amdahl,400000,29,fp=0.95,0.504368,0.061680,0.029365
amdahl,400000,30,fp=0.95,0.504368,0.060653,0.029290
amdahl,400000,31,fp=0.95,0.504368,0.062298,0.030641
(checksum 1.191e+13)
amdahl,400000,32,fp=0.95,0.504368,0.060166,0.030151
(amdahl_fp95.csv: 18 s)
