$ ./lab12 amdahl 400000 1.00
modo,N,p,param,t_seq,t_par,t_parte_seq
amdahl,400000,1,fp=1.00,0.504553,0.502151,0.000000
amdahl,400000,2,fp=1.00,0.504553,0.258336,0.000000
amdahl,400000,3,fp=1.00,0.504553,0.178851,0.000000
amdahl,400000,4,fp=1.00,0.504553,0.133820,0.000000
amdahl,400000,5,fp=1.00,0.504553,0.115923,0.000000
amdahl,400000,6,fp=1.00,0.504553,0.097513,0.000000
amdahl,400000,7,fp=1.00,0.504553,0.088342,0.000000
amdahl,400000,8,fp=1.00,0.504553,0.079011,0.000000
amdahl,400000,9,fp=1.00,0.504553,0.075798,0.000000
amdahl,400000,10,fp=1.00,0.504553,0.068019,0.000000
amdahl,400000,11,fp=1.00,0.504553,0.062744,0.000000
amdahl,400000,12,fp=1.00,0.504553,0.057944,0.000000
amdahl,400000,13,fp=1.00,0.504553,0.053393,0.000000
amdahl,400000,14,fp=1.00,0.504553,0.050218,0.000000
amdahl,400000,15,fp=1.00,0.504553,0.047458,0.000000
amdahl,400000,16,fp=1.00,0.504553,0.044365,0.000000
amdahl,400000,17,fp=1.00,0.504553,0.041862,0.000000
amdahl,400000,18,fp=1.00,0.504553,0.040242,0.000000
amdahl,400000,19,fp=1.00,0.504553,0.037669,0.000000
amdahl,400000,20,fp=1.00,0.504553,0.036049,0.000000
amdahl,400000,21,fp=1.00,0.504553,0.034284,0.000000
amdahl,400000,22,fp=1.00,0.504553,0.033187,0.000000
amdahl,400000,23,fp=1.00,0.504553,0.031501,0.000000
amdahl,400000,24,fp=1.00,0.504553,0.031001,0.000000
amdahl,400000,25,fp=1.00,0.504553,0.039395,0.000000
amdahl,400000,26,fp=1.00,0.504553,0.037542,0.000000
amdahl,400000,27,fp=1.00,0.504553,0.037440,0.000000
amdahl,400000,28,fp=1.00,0.504553,0.037518,0.000000
amdahl,400000,29,fp=1.00,0.504553,0.035185,0.000000
amdahl,400000,30,fp=1.00,0.504553,0.035601,0.000000
amdahl,400000,31,fp=1.00,0.504553,0.034537,0.000000
(checksum 1.320e+13)
amdahl,400000,32,fp=1.00,0.504553,0.033024,0.000000
(amdahl_fp100.csv: 15 s)
