$ ./lab12 amdahl 400000 0.50
modo,N,p,param,t_seq,t_par,t_parte_seq
amdahl,400000,1,fp=0.50,0.541656,0.540567,0.274846
amdahl,400000,2,fp=0.50,0.541656,0.386294,0.258916
amdahl,400000,3,fp=0.50,0.541656,0.355229,0.263541
amdahl,400000,4,fp=0.50,0.541656,0.332093,0.264763
amdahl,400000,5,fp=0.50,0.541656,0.314375,0.261235
amdahl,400000,6,fp=0.50,0.541656,0.315832,0.268146
amdahl,400000,7,fp=0.50,0.541656,0.299595,0.261655
amdahl,400000,8,fp=0.50,0.541656,0.292932,0.258160
amdahl,400000,9,fp=0.50,0.541656,0.295310,0.262241
amdahl,400000,10,fp=0.50,0.541656,0.292043,0.261679
amdahl,400000,11,fp=0.50,0.541656,0.304566,0.275083
amdahl,400000,12,fp=0.50,0.541656,0.287497,0.262086
amdahl,400000,13,fp=0.50,0.541656,0.300864,0.276054
amdahl,400000,14,fp=0.50,0.541656,0.299827,0.276660
amdahl,400000,15,fp=0.50,0.541656,0.296298,0.274959
amdahl,400000,16,fp=0.50,0.541656,0.281608,0.261824
amdahl,400000,17,fp=0.50,0.541656,0.277611,0.258748
amdahl,400000,18,fp=0.50,0.541656,0.279522,0.261624
amdahl,400000,19,fp=0.50,0.541656,0.287411,0.269415
amdahl,400000,20,fp=0.50,0.541656,0.284285,0.267775
amdahl,400000,21,fp=0.50,0.541656,0.283286,0.267370
amdahl,400000,22,fp=0.50,0.541656,0.275454,0.260403
amdahl,400000,23,fp=0.50,0.541656,0.276602,0.260791
amdahl,400000,24,fp=0.50,0.541656,0.280816,0.265537
amdahl,400000,25,fp=0.50,0.541656,0.295734,0.276934
amdahl,400000,26,fp=0.50,0.541656,0.290452,0.272704
amdahl,400000,27,fp=0.50,0.541656,0.298438,0.281157
amdahl,400000,28,fp=0.50,0.541656,0.282500,0.266191
amdahl,400000,29,fp=0.50,0.541656,0.280383,0.264341
amdahl,400000,30,fp=0.50,0.541656,0.281706,0.266065
amdahl,400000,31,fp=0.50,0.541656,0.282390,0.265946
(checksum 3.300e+12)
amdahl,400000,32,fp=0.50,0.541656,0.294040,0.277865
(amdahl_fp50.csv: 51 s)
