$ ./lab12 desbalance static
modo,N,p,param,t_seq,t_par,t_parte_seq
desbalance,40000,1,static,0.049238,0.049119,0
desbalance,40000,2,static,0.049238,0.037710,0
desbalance,40000,3,static,0.049238,0.029792,0
desbalance,40000,4,static,0.049238,0.024210,0
desbalance,40000,5,static,0.049238,0.020139,0
desbalance,40000,6,static,0.049238,0.016708,0
desbalance,40000,7,static,0.049238,0.015332,0
desbalance,40000,8,static,0.049238,0.014122,0
desbalance,40000,9,static,0.049238,0.012492,0
desbalance,40000,10,static,0.049238,0.010580,0
desbalance,40000,11,static,0.049238,0.010301,0
desbalance,40000,12,static,0.049238,0.010455,0
desbalance,40000,13,static,0.049238,0.009301,0
desbalance,40000,14,static,0.049238,0.008437,0
desbalance,40000,15,static,0.049238,0.008361,0
desbalance,40000,16,static,0.049238,0.008139,0
desbalance,40000,17,static,0.049238,0.007812,0
desbalance,40000,18,static,0.049238,0.007431,0
desbalance,40000,19,static,0.049238,0.006548,0
desbalance,40000,20,static,0.049238,0.006251,0
desbalance,40000,21,static,0.049238,0.006093,0
desbalance,40000,22,static,0.049238,0.005902,0
desbalance,40000,23,static,0.049238,0.005607,0
desbalance,40000,24,static,0.049238,0.005496,0
desbalance,40000,25,static,0.049238,0.005439,0
desbalance,40000,26,static,0.049238,0.004944,0
desbalance,40000,27,static,0.049238,0.005020,0
desbalance,40000,28,static,0.049238,0.005127,0
desbalance,40000,29,static,0.049238,0.005266,0
desbalance,40000,30,static,0.049238,0.004602,0
desbalance,40000,31,static,0.049238,0.005101,0
(checksum 1.320e+11)
desbalance,40000,32,static,0.049238,0.005009,0
(desb_static.csv: 2 s)
