$ ./lab12 suma
modo,N,p,param,t_seq,t_par,t_parte_seq
suma,16,1,R=100000,0.000000002,0.000000155,0
suma,16,2,R=100000,0.000000002,0.000003591,0
suma,16,4,R=100000,0.000000002,0.000005273,0
suma,16,8,R=100000,0.000000002,0.000007830,0
suma,16,16,R=100000,0.000000002,0.000012454,0
suma,16,32,R=100000,0.000000002,0.000029963,0
suma,1024,1,R=48828,0.000000380,0.000000551,0
suma,1024,2,R=48828,0.000000380,0.000003130,0
suma,1024,4,R=48828,0.000000380,0.000004769,0
suma,1024,8,R=48828,0.000000380,0.000007924,0
suma,1024,16,R=48828,0.000000380,0.000012369,0
suma,1024,32,R=48828,0.000000380,0.000029652,0
suma,65536,1,R=762,0.000033652,0.000028575,0
suma,65536,2,R=762,0.000033652,0.000018740,0
suma,65536,4,R=762,0.000033652,0.000011174,0
suma,65536,8,R=762,0.000033652,0.000017798,0
suma,65536,16,R=762,0.000033652,0.000017754,0
suma,65536,32,R=762,0.000033652,0.000031797,0
suma,1048576,1,R=47,0.000494148,0.000483492,0
suma,1048576,2,R=47,0.000494148,0.000260608,0
suma,1048576,4,R=47,0.000494148,0.000213789,0
suma,1048576,8,R=47,0.000494148,0.000135568,0
suma,1048576,16,R=47,0.000494148,0.000088894,0
suma,1048576,32,R=47,0.000494148,0.000103040,0
suma,16777216,1,R=3,0.009016696,0.008955725,0
suma,16777216,2,R=3,0.009016696,0.004871102,0
suma,16777216,4,R=3,0.009016696,0.003750993,0
suma,16777216,8,R=3,0.009016696,0.003988267,0
suma,16777216,16,R=3,0.009016696,0.003942575,0
suma,16777216,32,R=3,0.009016696,0.003855051,0
(checksum 2.500e+07)
(suma.csv: 46 s)
